Archive member included to satisfy reference by file (symbol)

c:/program files/ac6/systemworkbench/plugins/fr.ac6.mcu.externaltools.arm-none.win32_1.17.0.201812190825/tools/compiler/bin/../lib/gcc/arm-none-eabi/7.3.1/../../../../arm-none-eabi/lib/thumb/v7e-m/fpv4-sp/hard\libc.a(lib_a-exit.o)
                              c:/program files/ac6/systemworkbench/plugins/fr.ac6.mcu.externaltools.arm-none.win32_1.17.0.201812190825/tools/compiler/bin/../lib/gcc/arm-none-eabi/7.3.1/../../../../arm-none-eabi/lib/thumb/v7e-m/fpv4-sp/hard/rdimon-crt0.o (exit)
c:/program files/ac6/systemworkbench/plugins/fr.ac6.mcu.externaltools.arm-none.win32_1.17.0.201812190825/tools/compiler/bin/../lib/gcc/arm-none-eabi/7.3.1/../../../../arm-none-eabi/lib/thumb/v7e-m/fpv4-sp/hard\libc.a(lib_a-impure.o)
                              c:/program files/ac6/systemworkbench/plugins/fr.ac6.mcu.externaltools.arm-none.win32_1.17.0.201812190825/tools/compiler/bin/../lib/gcc/arm-none-eabi/7.3.1/../../../../arm-none-eabi/lib/thumb/v7e-m/fpv4-sp/hard\libc.a(lib_a-exit.o) (_global_impure_ptr)
c:/program files/ac6/systemworkbench/plugins/fr.ac6.mcu.externaltools.arm-none.win32_1.17.0.201812190825/tools/compiler/bin/../lib/gcc/arm-none-eabi/7.3.1/../../../../arm-none-eabi/lib/thumb/v7e-m/fpv4-sp/hard\libc.a(lib_a-init.o)
                              c:/program files/ac6/systemworkbench/plugins/fr.ac6.mcu.externaltools.arm-none.win32_1.17.0.201812190825/tools/compiler/bin/../lib/gcc/arm-none-eabi/7.3.1/../../../../arm-none-eabi/lib/thumb/v7e-m/fpv4-sp/hard/rdimon-crt0.o (__libc_init_array)
c:/program files/ac6/systemworkbench/plugins/fr.ac6.mcu.externaltools.arm-none.win32_1.17.0.201812190825/tools/compiler/bin/../lib/gcc/arm-none-eabi/7.3.1/../../../../arm-none-eabi/lib/thumb/v7e-m/fpv4-sp/hard\libc.a(lib_a-memset.o)
                              c:/program files/ac6/systemworkbench/plugins/fr.ac6.mcu.externaltools.arm-none.win32_1.17.0.201812190825/tools/compiler/bin/../lib/gcc/arm-none-eabi/7.3.1/../../../../arm-none-eabi/lib/thumb/v7e-m/fpv4-sp/hard/rdimon-crt0.o (memset)
c:/program files/ac6/systemworkbench/plugins/fr.ac6.mcu.externaltools.arm-none.win32_1.17.0.201812190825/tools/compiler/bin/../lib/gcc/arm-none-eabi/7.3.1/../../../../arm-none-eabi/lib/thumb/v7e-m/fpv4-sp/hard\libc.a(lib_a-__call_atexit.o)
                              c:/program files/ac6/systemworkbench/plugins/fr.ac6.mcu.externaltools.arm-none.win32_1.17.0.201812190825/tools/compiler/bin/../lib/gcc/arm-none-eabi/7.3.1/../../../../arm-none-eabi/lib/thumb/v7e-m/fpv4-sp/hard\libc.a(lib_a-exit.o) (__call_exitprocs)
c:/program files/ac6/systemworkbench/plugins/fr.ac6.mcu.externaltools.arm-none.win32_1.17.0.201812190825/tools/compiler/bin/../lib/gcc/arm-none-eabi/7.3.1/../../../../arm-none-eabi/lib/thumb/v7e-m/fpv4-sp/hard\libc.a(lib_a-atexit.o)
                              c:/program files/ac6/systemworkbench/plugins/fr.ac6.mcu.externaltools.arm-none.win32_1.17.0.201812190825/tools/compiler/bin/../lib/gcc/arm-none-eabi/7.3.1/../../../../arm-none-eabi/lib/thumb/v7e-m/fpv4-sp/hard\libc.a(lib_a-__call_atexit.o) (atexit)
c:/program files/ac6/systemworkbench/plugins/fr.ac6.mcu.externaltools.arm-none.win32_1.17.0.201812190825/tools/compiler/bin/../lib/gcc/arm-none-eabi/7.3.1/../../../../arm-none-eabi/lib/thumb/v7e-m/fpv4-sp/hard\libc.a(lib_a-fini.o)
                              c:/program files/ac6/systemworkbench/plugins/fr.ac6.mcu.externaltools.arm-none.win32_1.17.0.201812190825/tools/compiler/bin/../lib/gcc/arm-none-eabi/7.3.1/../../../../arm-none-eabi/lib/thumb/v7e-m/fpv4-sp/hard\libc.a(lib_a-__call_atexit.o) (__libc_fini_array)
c:/program files/ac6/systemworkbench/plugins/fr.ac6.mcu.externaltools.arm-none.win32_1.17.0.201812190825/tools/compiler/bin/../lib/gcc/arm-none-eabi/7.3.1/../../../../arm-none-eabi/lib/thumb/v7e-m/fpv4-sp/hard\libc.a(lib_a-lock.o)
                              c:/program files/ac6/systemworkbench/plugins/fr.ac6.mcu.externaltools.arm-none.win32_1.17.0.201812190825/tools/compiler/bin/../lib/gcc/arm-none-eabi/7.3.1/../../../../arm-none-eabi/lib/thumb/v7e-m/fpv4-sp/hard\libc.a(lib_a-__call_atexit.o) (__retarget_lock_acquire_recursive)
c:/program files/ac6/systemworkbench/plugins/fr.ac6.mcu.externaltools.arm-none.win32_1.17.0.201812190825/tools/compiler/bin/../lib/gcc/arm-none-eabi/7.3.1/../../../../arm-none-eabi/lib/thumb/v7e-m/fpv4-sp/hard\libc.a(lib_a-__atexit.o)
                              c:/program files/ac6/systemworkbench/plugins/fr.ac6.mcu.externaltools.arm-none.win32_1.17.0.201812190825/tools/compiler/bin/../lib/gcc/arm-none-eabi/7.3.1/../../../../arm-none-eabi/lib/thumb/v7e-m/fpv4-sp/hard\libc.a(lib_a-atexit.o) (__register_exitproc)
c:/program files/ac6/systemworkbench/plugins/fr.ac6.mcu.externaltools.arm-none.win32_1.17.0.201812190825/tools/compiler/bin/../lib/gcc/arm-none-eabi/7.3.1/../../../../arm-none-eabi/lib/thumb/v7e-m/fpv4-sp/hard\librdimon.a(rdimon-syscalls.o)
[...]
Memory Configuration

Name             Origin             Length             Attributes
RAM              0x20000000         0x00020000         xrw
ROM              0x08000000         0x00080000         xr
*default*        0x00000000         0xffffffff

Linker script and memory map

LOAD c:/program files/ac6/systemworkbench/plugins/fr.ac6.mcu.externaltools.arm-none.win32_1.17.0.201812190825/tools/compiler/bin/../lib/gcc/arm-none-eabi/7.3.1/thumb/v7e-m/fpv4-sp/hard/crti.o
LOAD c:/program files/ac6/systemworkbench/plugins/fr.ac6.mcu.externaltools.arm-none.win32_1.17.0.201812190825/tools/compiler/bin/../lib/gcc/arm-none-eabi/7.3.1/thumb/v7e-m/fpv4-sp/hard/crtbegin.o
LOAD c:/program files/ac6/systemworkbench/plugins/fr.ac6.mcu.externaltools.arm-none.win32_1.17.0.201812190825/tools/compiler/bin/../lib/gcc/arm-none-eabi/7.3.1/../../../../arm-none-eabi/lib/thumb/v7e-m/fpv4-sp/hard/rdimon-crt0.o
LOAD c:/program files/ac6/systemworkbench/plugins/fr.ac6.mcu.externaltools.arm-none.win32_1.17.0.201812190825/tools/compiler/bin/../lib/gcc/arm-none-eabi/7.3.1/../../../../arm-none-eabi/lib/thumb/v7e-m/fpv4-sp/hard\libc.a
LOAD c:/program files/ac6/systemworkbench/plugins/fr.ac6.mcu.externaltools.arm-none.win32_1.17.0.201812190825/tools/compiler/bin/../lib/gcc/arm-none-eabi/7.3.1/../../../../arm-none-eabi/lib/thumb/v7e-m/fpv4-sp/hard\librdimon.a
LOAD Third_Party/FreeRTOS/org/Source/croutine.o
LOAD Third_Party/FreeRTOS/org/Source/event_groups.o
LOAD Third_Party/FreeRTOS/org/Source/list.o
LOAD Third_Party/FreeRTOS/org/Source/queue.o
LOAD Third_Party/FreeRTOS/org/Source/stream_buffer.o
LOAD Third_Party/FreeRTOS/org/Source/tasks.o
LOAD Third_Party/FreeRTOS/org/Source/timers.o
LOAD Third_Party/FreeRTOS/org/Source/portable/GCC/ARM_CM4F/port.o
LOAD Third_Party/FreeRTOS/org/Source/portable/MemMang/heap_4.o
LOAD Third_Party/SEGGER/Config/SEGGER_SYSVIEW_Config_FreeRTOS.o
LOAD Third_Party/SEGGER/OS/SEGGER_SYSVIEW_FreeRTOS.o
LOAD Third_Party/SEGGER/SEGGER/SEGGER_RTT.o
LOAD Third_Party/SEGGER/SEGGER/SEGGER_SYSVIEW.o
LOAD drivers/inc/.metadata/.plugins/org.eclipse.cdt.make.core/specs.o
LOAD drivers/src/MPU6050.o
LOAD drivers/src/MadgwickAHRS.o
LOAD drivers/src/stm32f446xx_I2C.o
LOAD drivers/src/stm32f446xx_adc.o
LOAD drivers/src/stm32f446xx_dac.o
LOAD drivers/src/stm32f446xx_gpio_driver.o
LOAD drivers/src/stm32f446xx_rcc.o
LOAD drivers/src/stm32f446xx_spi_driver.o
LOAD drivers/src/stm32f446xx_timer.o
LOAD drivers/src/stm32f446xx_usart.o
LOAD src/main.o
LOAD startup/startup_stm32.o
LOAD c:/program files/ac6/systemworkbench/plugins/fr.ac6.mcu.externaltools.arm-none.win32_1.17.0.201812190825/tools/compiler/bin/../lib/gcc/arm-none-eabi/7.3.1/../../../../arm-none-eabi/lib/thumb/v7e-m/fpv4-sp/hard\libm.a
START GROUP
LOAD c:/program files/ac6/systemworkbench/plugins/fr.ac6.mcu.externaltools.arm-none.win32_1.17.0.201812190825/tools/compiler/bin/../lib/gcc/arm-none-eabi/7.3.1/thumb/v7e-m/fpv4-sp/hard\libgcc.a
LOAD c:/program files/ac6/systemworkbench/plugins/fr.ac6.mcu.externaltools.arm-none.win32_1.17.0.201812190825/tools/compiler/bin/../lib/gcc/arm-none-eabi/7.3.1/../../../../arm-none-eabi/lib/thumb/v7e-m/fpv4-sp/hard\libc.a
END GROUP
START GROUP
LOAD c:/program files/ac6/systemworkbench/plugins/fr.ac6.mcu.externaltools.arm-none.win32_1.17.0.201812190825/tools/compiler/bin/../lib/gcc/arm-none-eabi/7.3.1/thumb/v7e-m/fpv4-sp/hard\libgcc.a
LOAD c:/program files/ac6/systemworkbench/plugins/fr.ac6.mcu.externaltools.arm-none.win32_1.17.0.201812190825/tools/compiler/bin/../lib/gcc/arm-none-eabi/7.3.1/../../../../arm-none-eabi/lib/thumb/v7e-m/fpv4-sp/hard\libc.a
LOAD c:/program files/ac6/systemworkbench/plugins/fr.ac6.mcu.externaltools.arm-none.win32_1.17.0.201812190825/tools/compiler/bin/../lib/gcc/arm-none-eabi/7.3.1/../../../../arm-none-eabi/lib/thumb/v7e-m/fpv4-sp/hard\librdimon.a
END GROUP
LOAD c:/program files/ac6/systemworkbench/plugins/fr.ac6.mcu.externaltools.arm-none.win32_1.17.0.201812190825/tools/compiler/bin/../lib/gcc/arm-none-eabi/7.3.1/thumb/v7e-m/fpv4-sp/hard/crtend.o
LOAD c:/program files/ac6/systemworkbench/plugins/fr.ac6.mcu.externaltools.arm-none.win32_1.17.0.201812190825/tools/compiler/bin/../lib/gcc/arm-none-eabi/7.3.1/thumb/v7e-m/fpv4-sp/hard/crtn.o
                0x20020000                _estack = 0x20020000
                0x00000000                _Min_Heap_Size = 0x0
                0x00000400                _Min_Stack_Size = 0x400

.isr_vector     0x08000000      0x1c4
                0x08000000                . = ALIGN (0x4)
 *(.isr_vector)
 .isr_vector    0x08000000      0x1c4 startup/startup_stm32.o
                0x08000000                g_pfnVectors
                0x080001c4                . = ALIGN (0x4)

.text           0x08000200     0x45c8
                0x08000200                . = ALIGN (0x4)
 *(.text)
 .text          0x08000200       0x40 c:/program files/ac6/systemworkbench/plugins/fr.ac6.mcu.externaltools.arm-none.win32_1.17.0.201812190825/tools/compiler/bin/../lib/gcc/arm-none-eabi/7.3.1/thumb/v7e-m/fpv4-sp/hard/crtbegin.o
 .text          0x08000240      0x134 c:/program files/ac6/systemworkbench/plugins/fr.ac6.mcu.externaltools.arm-none.win32_1.17.0.201812190825/tools/compiler/bin/../lib/gcc/arm-none-eabi/7.3.1/../../../../arm-none-eabi/lib/thumb/v7e-m/fpv4-sp/hard\libc.a(lib_a-memcpy.o)
                0x08000240                memcpy
 *fill*         0x08000374        0xc 
 .text          0x08000380       0xdc c:/program files/ac6/systemworkbench/plugins/fr.ac6.mcu.externaltools.arm-none.win32_1.17.0.201812190825/tools/compiler/bin/../lib/gcc/arm-none-eabi/7.3.1/../../../../arm-none-eabi/lib/thumb/v7e-m/fpv4-sp/hard\libc.a(lib_a-strlen.o)
                0x08000380                strlen
 *(.text*)
 .text.__libc_init_array
                0x0800045c       0x48 c:/program files/ac6/systemworkbench/plugins/fr.ac6.mcu.externaltools.arm-none.win32_1.17.0.201812190825/tools/compiler/bin/../lib/gcc/arm-none-eabi/7.3.1/../../../../arm-none-eabi/lib/thumb/v7e-m/fpv4-sp/hard\libc.a(lib_a-init.o)
                0x0800045c                __libc_init_array
 .text.memset   0x080004a4       0x94 c:/program files/ac6/systemworkbench/plugins/fr.ac6.mcu.externaltools.arm-none.win32_1.17.0.201812190825/tools/compiler/bin/../lib/gcc/arm-none-eabi/7.3.1/../../../../arm-none-eabi/lib/thumb/v7e-m/fpv4-sp/hard\libc.a(lib_a-memset.o)
                0x080004a4                memset
 .text.startup.register_fini
                0x08000538       0x14 c:/program files/ac6/systemworkbench/plugins/fr.ac6.mcu.externaltools.arm-none.win32_1.17.0.201812190825/tools/compiler/bin/../lib/gcc/arm-none-eabi/7.3.1/../../../../arm-none-eabi/lib/thumb/v7e-m/fpv4-sp/hard\libc.a(lib_a-__call_atexit.o)
 .text.atexit   0x0800054c        0xc c:/program files/ac6/systemworkbench/plugins/fr.ac6.mcu.externaltools.arm-none.win32_1.17.0.201812190825/tools/compiler/bin/../lib/gcc/arm-none-eabi/7.3.1/../../../../arm-none-eabi/lib/thumb/v7e-m/fpv4-sp/hard\libc.a(lib_a-atexit.o)
                0x0800054c                atexit
 .text.__libc_fini_array
                0x08000558       0x34 c:/program files/ac6/systemworkbench/plugins/fr.ac6.mcu.externaltools.arm-none.win32_1.17.0.201812190825/tools/compiler/bin/../lib/gcc/arm-none-eabi/7.3.1/../../../../arm-none-eabi/lib/thumb/v7e-m/fpv4-sp/hard\libc.a(lib_a-fini.o)
                0x08000558                __libc_fini_array
 .text.__retarget_lock_acquire_recursive
                0x0800058c        0x4 c:/program files/ac6/systemworkbench/plugins/fr.ac6.mcu.externaltools.arm-none.win32_1.17.0.201812190825/tools/compiler/bin/../lib/gcc/arm-none-eabi/7.3.1/../../../../arm-none-eabi/lib/thumb/v7e-m/fpv4-sp/hard\libc.a(lib_a-lock.o)
                0x0800058c                __retarget_lock_acquire_recursive
 .text.__retarget_lock_release_recursive
                0x08000590        0x4 c:/program files/ac6/systemworkbench/plugins/fr.ac6.mcu.externaltools.arm-none.win32_1.17.0.201812190825/tools/compiler/bin/../lib/gcc/arm-none-eabi/7.3.1/../../../../arm-none-eabi/lib/thumb/v7e-m/fpv4-sp/hard\libc.a(lib_a-lock.o)
                0x08000590                __retarget_lock_release_recursive
 .text.__register_exitproc
                0x08000594       0xc0 c:/program files/ac6/systemworkbench/plugins/fr.ac6.mcu.externaltools.arm-none.win32_1.17.0.201812190825/tools/compiler/bin/../lib/gcc/arm-none-eabi/7.3.1/../../../../arm-none-eabi/lib/thumb/v7e-m/fpv4-sp/hard\libc.a(lib_a-__atexit.o)
                0x08000594                __register_exitproc
 .text.vListInitialise
                0x08000654       0x40 Third_Party/FreeRTOS/org/Source/list.o
                0x08000654                vListInitialise
 .text.vListInitialiseItem
                0x08000694       0x1a Third_Party/FreeRTOS/org/Source/list.o
                0x08000694                vListInitialiseItem
 .text.vListInsertEnd
                0x080006ae       0x48 Third_Party/FreeRTOS/org/Source/list.o
                0x080006ae                vListInsertEnd
 .text.uxListRemove
                0x080006f6       0x54 Third_Party/FreeRTOS/org/Source/list.o
                0x080006f6                uxListRemove
 .text.xTaskCreate
                0x0800074a       0x82 Third_Party/FreeRTOS/org/Source/tasks.o
                0x0800074a                xTaskCreate
 .text.prvInitialiseNewTask
                0x080007cc      0x126 Third_Party/FreeRTOS/org/Source/tasks.o
 *fill*         0x080008f2        0x2 
 .text.prvAddNewTaskToReadyList
                0x080008f4      0x118 Third_Party/FreeRTOS/org/Source/tasks.o
 .text.vTaskStartScheduler
                0x08000a0c       0xac Third_Party/FreeRTOS/org/Source/tasks.o
                0x08000a0c                vTaskStartScheduler
 .text.vTaskSuspendAll
                0x08000ab8       0x1c Third_Party/FreeRTOS/org/Source/tasks.o
                0x08000ab8                vTaskSuspendAll
 .text.xTaskResumeAll
                0x08000ad4      0x140 Third_Party/FreeRTOS/org/Source/tasks.o
                0x08000ad4                xTaskResumeAll
 .text.xTaskGetTickCountFromISR
                0x08000c14       0x24 Third_Party/FreeRTOS/org/Source/tasks.o
                0x08000c14                xTaskGetTickCountFromISR
 .text.xTaskIncrementTick
                0x08000c38      0x178 Third_Party/FreeRTOS/org/Source/tasks.o
                0x08000c38                xTaskIncrementTick
 .text.vTaskSwitchContext
                0x08000db0       0xd0 Third_Party/FreeRTOS/org/Source/tasks.o
                0x08000db0                vTaskSwitchContext
 .text.prvIdleTask
                0x08000e80       0x30 Third_Party/FreeRTOS/org/Source/tasks.o
 .text.prvInitialiseTaskLists
                0x08000eb0       0x80 Third_Party/FreeRTOS/org/Source/tasks.o
 .text.prvCheckTasksWaitingTermination
                0x08000f30       0x58 Third_Party/FreeRTOS/org/Source/tasks.o
 .text.prvDeleteTCB
                0x08000f88       0x20 Third_Party/FreeRTOS/org/Source/tasks.o
 .text.prvResetNextTaskUnblockTime
                0x08000fa8       0x40 Third_Party/FreeRTOS/org/Source/tasks.o
 .text.pxPortInitialiseStack
                0x08000fe8       0x68 Third_Party/FreeRTOS/org/Source/portable/GCC/ARM_CM4F/port.o
                0x08000fe8                pxPortInitialiseStack
 .text.prvTaskExitError
                0x08001050       0x54 Third_Party/FreeRTOS/org/Source/portable/GCC/ARM_CM4F/port.o
 *fill*         0x080010a4        0xc 
 .text.SVC_Handler
                0x080010b0       0x28 Third_Party/FreeRTOS/org/Source/portable/GCC/ARM_CM4F/port.o
                0x080010b0                SVC_Handler
 .text.prvPortStartFirstTask
                0x080010d8       0x28 Third_Party/FreeRTOS/org/Source/portable/GCC/ARM_CM4F/port.o
 .text.xPortStartScheduler
                0x08001100      0x13c Third_Party/FreeRTOS/org/Source/portable/GCC/ARM_CM4F/port.o
                0x08001100                xPortStartScheduler
 .text.vPortEnterCritical
                0x0800123c       0x5c Third_Party/FreeRTOS/org/Source/portable/GCC/ARM_CM4F/port.o
                0x0800123c                vPortEnterCritical
 .text.vPortExitCritical
                0x08001298       0x50 Third_Party/FreeRTOS/org/Source/portable/GCC/ARM_CM4F/port.o
                0x08001298                vPortExitCritical
 *fill*         0x080012e8        0x8 
 .text.PendSV_Handler
                0x080012f0       0x68 Third_Party/FreeRTOS/org/Source/portable/GCC/ARM_CM4F/port.o
                0x080012f0                PendSV_Handler
 .text.SysTick_Handler
                0x08001358       0x50 Third_Party/FreeRTOS/org/Source/portable/GCC/ARM_CM4F/port.o
                0x08001358                SysTick_Handler
 .text.vPortSetupTimerInterrupt
                0x080013a8       0x48 Third_Party/FreeRTOS/org/Source/portable/GCC/ARM_CM4F/port.o
                0x080013a8                vPortSetupTimerInterrupt
 .text.vPortEnableVFP
                0x080013f0       0x14 Third_Party/FreeRTOS/org/Source/portable/GCC/ARM_CM4F/port.o
 .text.vPortValidateInterruptPriority
                0x08001404       0x7c Third_Party/FreeRTOS/org/Source/portable/GCC/ARM_CM4F/port.o
                0x08001404                vPortValidateInterruptPriority
 .text.pvPortMalloc
                0x08001480      0x184 Third_Party/FreeRTOS/org/Source/portable/MemMang/heap_4.o
                0x08001480                pvPortMalloc
 .text.vPortFree
                0x08001604       0xb0 Third_Party/FreeRTOS/org/Source/portable/MemMang/heap_4.o
                0x08001604                vPortFree
 .text.prvHeapInit
                0x080016b4       0xc4 Third_Party/FreeRTOS/org/Source/portable/MemMang/heap_4.o
 .text.prvInsertBlockIntoFreeList
                0x08001778       0xb4 Third_Party/FreeRTOS/org/Source/portable/MemMang/heap_4.o
 .text._cbSendSystemDesc
                0x0800182c       0x1c Third_Party/SEGGER/Config/SEGGER_SYSVIEW_Config_FreeRTOS.o
 .text.SEGGER_SYSVIEW_Conf
                0x08001848       0x2c Third_Party/SEGGER/Config/SEGGER_SYSVIEW_Config_FreeRTOS.o
                0x08001848                SEGGER_SYSVIEW_Conf
 .text._cbSendTaskList
                0x08001874       0x90 Third_Party/SEGGER/OS/SEGGER_SYSVIEW_FreeRTOS.o
 .text._cbGetTime
                0x08001904       0x84 Third_Party/SEGGER/OS/SEGGER_SYSVIEW_FreeRTOS.o
 .text.SYSVIEW_AddTask
                0x08001988       0xd0 Third_Party/SEGGER/OS/SEGGER_SYSVIEW_FreeRTOS.o
                0x08001988                SYSVIEW_AddTask
 .text.SYSVIEW_SendTaskInfo
                0x08001a58       0x42 Third_Party/SEGGER/OS/SEGGER_SYSVIEW_FreeRTOS.o
                0x08001a58                SYSVIEW_SendTaskInfo
 *fill*         0x08001a9a        0x2 
 .text._DoInit  0x08001a9c       0xa4 Third_Party/SEGGER/SEGGER/SEGGER_RTT.o
 .text.SEGGER_RTT_ReadNoLock
                0x08001b40      0x104 Third_Party/SEGGER/SEGGER/SEGGER_RTT.o
                0x08001b40                SEGGER_RTT_ReadNoLock
 .text.SEGGER_RTT_WriteSkipNoLock
                0x08001c44      0x120 Third_Party/SEGGER/SEGGER/SEGGER_RTT.o
                0x08001c44                SEGGER_RTT_WriteSkipNoLock
 .text.SEGGER_RTT_ConfigUpBuffer
                0x08001d64       0xd4 Third_Party/SEGGER/SEGGER/SEGGER_RTT.o
                0x08001d64                SEGGER_RTT_ConfigUpBuffer
 .text.SEGGER_RTT_ConfigDownBuffer
                0x08001e38       0xd4 Third_Party/SEGGER/SEGGER/SEGGER_RTT.o
                0x08001e38                SEGGER_RTT_ConfigDownBuffer
 .text._EncodeStr
                0x08001f0c       0x9a Third_Party/SEGGER/SEGGER/SEGGER_SYSVIEW.o
 .text._PreparePacket
                0x08001fa6       0x18 Third_Party/SEGGER/SEGGER/SEGGER_SYSVIEW.o
 .text._HandleIncomingPacket
                0x08001fbe       0xb8 Third_Party/SEGGER/SEGGER/SEGGER_SYSVIEW.o
 *fill*         0x08002076        0x2 
 .text._TrySendOverflowPacket
                0x08002078       0xe0 Third_Party/SEGGER/SEGGER/SEGGER_SYSVIEW.o
 .text._SendPacket
                0x08002158      0x1a8 Third_Party/SEGGER/SEGGER/SEGGER_SYSVIEW.o
 .text.SEGGER_SYSVIEW_Init
                0x08002300       0x7c Third_Party/SEGGER/SEGGER/SEGGER_SYSVIEW.o
                0x08002300                SEGGER_SYSVIEW_Init
 .text.SEGGER_SYSVIEW_SetRAMBase
                0x0800237c       0x20 Third_Party/SEGGER/SEGGER/SEGGER_SYSVIEW.o
                0x0800237c                SEGGER_SYSVIEW_SetRAMBase
 .text.SEGGER_SYSVIEW_RecordVoid
                0x0800239c       0x3c Third_Party/SEGGER/SEGGER/SEGGER_SYSVIEW.o
                0x0800239c                SEGGER_SYSVIEW_RecordVoid
 .text.SEGGER_SYSVIEW_RecordU32
                0x080023d8       0x78 Third_Party/SEGGER/SEGGER/SEGGER_SYSVIEW.o
                0x080023d8                SEGGER_SYSVIEW_RecordU32
 .text.SEGGER_SYSVIEW_RecordU32x2
                0x08002450       0xb4 Third_Party/SEGGER/SEGGER/SEGGER_SYSVIEW.o
                0x08002450                SEGGER_SYSVIEW_RecordU32x2
 .text.SEGGER_SYSVIEW_Start
                0x08002504      0x178 Third_Party/SEGGER/SEGGER/SEGGER_SYSVIEW.o
                0x08002504                SEGGER_SYSVIEW_Start
 .text.SEGGER_SYSVIEW_Stop
                0x0800267c       0x4c Third_Party/SEGGER/SEGGER/SEGGER_SYSVIEW.o
                0x0800267c                SEGGER_SYSVIEW_Stop
 .text.SEGGER_SYSVIEW_GetSysDesc
                0x080026c8      0x134 Third_Party/SEGGER/SEGGER/SEGGER_SYSVIEW.o
                0x080026c8                SEGGER_SYSVIEW_GetSysDesc
 .text.SEGGER_SYSVIEW_SendTaskInfo
                0x080027fc      0x1cc Third_Party/SEGGER/SEGGER/SEGGER_SYSVIEW.o
                0x080027fc                SEGGER_SYSVIEW_SendTaskInfo
 .text.SEGGER_SYSVIEW_SendTaskList
                0x080029c8       0x28 Third_Party/SEGGER/SEGGER/SEGGER_SYSVIEW.o
                0x080029c8                SEGGER_SYSVIEW_SendTaskList
 .text.SEGGER_SYSVIEW_SendSysDesc
                0x080029f0       0x48 Third_Party/SEGGER/SEGGER/SEGGER_SYSVIEW.o
                0x080029f0                SEGGER_SYSVIEW_SendSysDesc
 .text.SEGGER_SYSVIEW_RecordSystime
                0x08002a38       0x60 Third_Party/SEGGER/SEGGER/SEGGER_SYSVIEW.o
                0x08002a38                SEGGER_SYSVIEW_RecordSystime
 .text.SEGGER_SYSVIEW_RecordEnterISR
                0x08002a98       0x84 Third_Party/SEGGER/SEGGER/SEGGER_SYSVIEW.o
                0x08002a98                SEGGER_SYSVIEW_RecordEnterISR
 .text.SEGGER_SYSVIEW_RecordExitISR
                0x08002b1c       0x38 Third_Party/SEGGER/SEGGER/SEGGER_SYSVIEW.o
                0x08002b1c                SEGGER_SYSVIEW_RecordExitISR
 .text.SEGGER_SYSVIEW_RecordExitISRToScheduler
                0x08002b54       0x38 Third_Party/SEGGER/SEGGER/SEGGER_SYSVIEW.o
                0x08002b54                SEGGER_SYSVIEW_RecordExitISRToScheduler
 .text.SEGGER_SYSVIEW_OnIdle
                0x08002b8c       0x38 Third_Party/SEGGER/SEGGER/SEGGER_SYSVIEW.o
                0x08002b8c                SEGGER_SYSVIEW_OnIdle
 .text.SEGGER_SYSVIEW_OnTaskCreate
                0x08002bc4       0x88 Third_Party/SEGGER/SEGGER/SEGGER_SYSVIEW.o
                0x08002bc4                SEGGER_SYSVIEW_OnTaskCreate
 .text.SEGGER_SYSVIEW_OnTaskStartExec
                0x08002c4c       0x88 Third_Party/SEGGER/SEGGER/SEGGER_SYSVIEW.o
                0x08002c4c                SEGGER_SYSVIEW_OnTaskStartExec
 .text.SEGGER_SYSVIEW_OnTaskStartReady
                0x08002cd4       0x88 Third_Party/SEGGER/SEGGER/SEGGER_SYSVIEW.o
                0x08002cd4                SEGGER_SYSVIEW_OnTaskStartReady
 .text.SEGGER_SYSVIEW_SendModule
                0x08002d5c      0x100 Third_Party/SEGGER/SEGGER/SEGGER_SYSVIEW.o
                0x08002d5c                SEGGER_SYSVIEW_SendModule
 .text.SEGGER_SYSVIEW_SendModuleDescription
                0x08002e5c       0x3c Third_Party/SEGGER/SEGGER/SEGGER_SYSVIEW.o
                0x08002e5c                SEGGER_SYSVIEW_SendModuleDescription
 .text.SEGGER_SYSVIEW_SendNumModules
                0x08002e98       0x7c Third_Party/SEGGER/SEGGER/SEGGER_SYSVIEW.o
                0x08002e98                SEGGER_SYSVIEW_SendNumModules
 .text.SEGGER_SYSVIEW_Warn
                0x08002f14       0xb8 Third_Party/SEGGER/SEGGER/SEGGER_SYSVIEW.o
                0x08002f14                SEGGER_SYSVIEW_Warn
 .text.I2C_GenerateStartCondition
                0x08002fcc       0x20 drivers/src/stm32f446xx_I2C.o
 .text.I2C_ExecuteAddressPhaseRead
                0x08002fec       0x2c drivers/src/stm32f446xx_I2C.o
 .text.I2C_ClearADDRFlag
                0x08003018       0x6e drivers/src/stm32f446xx_I2C.o
 .text.I2C_GenerateStopCondition
                0x08003086       0x20 drivers/src/stm32f446xx_I2C.o
                0x08003086                I2C_GenerateStopCondition
 .text.I2C_PeripheralControl
                0x080030a6       0x38 drivers/src/stm32f446xx_I2C.o
                0x080030a6                I2C_PeripheralControl
 *fill*         0x080030de        0x2 
 .text.I2C_PeriClockControl
                0x080030e0       0xb0 drivers/src/stm32f446xx_I2C.o
                0x080030e0                I2C_PeriClockControl
 .text.I2C_Init
                0x08003190      0x164 drivers/src/stm32f446xx_I2C.o
                0x08003190                I2C_Init
 .text.I2C_GetFlagStatus
                0x080032f4       0x28 drivers/src/stm32f446xx_I2C.o
                0x080032f4                I2C_GetFlagStatus
 .text.I2C_MasterReceiveData
                0x0800331c      0x124 drivers/src/stm32f446xx_I2C.o
                0x0800331c                I2C_MasterReceiveData
 .text.I2C_ManageAcking
                0x08003440       0x38 drivers/src/stm32f446xx_I2C.o
                0x08003440                I2C_ManageAcking
 .text.I2C_GPIOInits
                0x08003478       0xb4 drivers/src/stm32f446xx_I2C.o
                0x08003478                I2C_GPIOInits
 .text.I2C_Inits
                0x0800352c       0x5c drivers/src/stm32f446xx_I2C.o
                0x0800352c                I2C_Inits
 .text.adc1_read
                0x08003588       0x24 drivers/src/stm32f446xx_adc.o
                0x08003588                adc1_read
 .text.adc2_read
                0x080035ac       0x24 drivers/src/stm32f446xx_adc.o
                0x080035ac                adc2_read
 .text.GPIO_PeriClockControl
                0x080035d0      0x1a0 drivers/src/stm32f446xx_gpio_driver.o
                0x080035d0                GPIO_PeriClockControl
 .text.GPIO_Init
                0x08003770      0x330 drivers/src/stm32f446xx_gpio_driver.o
                0x08003770                GPIO_Init
 .text.GPIO_PinAFConfig
                0x08003aa0       0x92 drivers/src/stm32f446xx_gpio_driver.o
                0x08003aa0                GPIO_PinAFConfig
 *fill*         0x08003b32        0x2 
 .text.RCC_GetPCLK1Value
                0x08003b34       0xb0 drivers/src/stm32f446xx_rcc.o
                0x08003b34                RCC_GetPCLK1Value
 .text.RCC_GetPCLK2Value
                0x08003be4       0xa0 drivers/src/stm32f446xx_rcc.o
                0x08003be4                RCC_GetPCLK2Value
 .text.RCC_GetPLLOutputClock
                0x08003c84       0x10 drivers/src/stm32f446xx_rcc.o
                0x08003c84                RCC_GetPLLOutputClock
 .text.RCC_DeInit
                0x08003c94       0x58 drivers/src/stm32f446xx_rcc.o
                0x08003c94                RCC_DeInit
 .text.USART_SetBaudRate
                0x08003cec       0xe4 drivers/src/stm32f446xx_usart.o
                0x08003cec                USART_SetBaudRate
 .text.USART_Init
                0x08003dd0      0x106 drivers/src/stm32f446xx_usart.o
                0x08003dd0                USART_Init
 .text.USART_PeripheralControl
                0x08003ed6       0x38 drivers/src/stm32f446xx_usart.o
                0x08003ed6                USART_PeripheralControl
 *fill*         0x08003f0e        0x2 
 .text.USART_PeriClockControl
                0x08003f10      0x140 drivers/src/stm32f446xx_usart.o
                0x08003f10                USART_PeriClockControl
 .text.USART_GetFlagStatus
                0x08004050       0x2a drivers/src/stm32f446xx_usart.o
                0x08004050                USART_GetFlagStatus
 .text.USART_SendData
                0x0800407a       0x9a drivers/src/stm32f446xx_usart.o
                0x0800407a                USART_SendData
 .text.USART_ReceiveData
                0x08004114       0xae drivers/src/stm32f446xx_usart.o
                0x08004114                USART_ReceiveData
 *fill*         0x080041c2        0x2 
 .text.USART_IRQInterruptConfig
                0x080041c4      0x10c drivers/src/stm32f446xx_usart.o
                0x080041c4                USART_IRQInterruptConfig
 .text.main     0x080042d0      0x198 src/main.o
                0x080042d0                main
 .text.I2C_handler
                0x08004468       0x54 src/main.o
 .text.ADC_handler
                0x080044bc       0x54 src/main.o
 .text.USART1_handler
                0x08004510       0x8c src/main.o
 .text.USART2_handler
                0x0800459c       0x8c src/main.o
 .text.PWM_handler
                0x08004628       0x38 src/main.o
 .text.SetupGpioAf
                0x08004660       0x54 src/main.o
                0x08004660                SetupGpioAf
 .text.USART_Init_CONF
                0x080046b4       0x44 src/main.o
                0x080046b4                USART_Init_CONF
 .text.Reset_Handler
                0x080046f8       0x50 startup/startup_stm32.o
                0x080046f8                Reset_Handler
 .text.Default_Handler
                0x08004748        0x2 startup/startup_stm32.o
                0x08004748                RTC_Alarm_IRQHandler
                0x08004748                EXTI2_IRQHandler
                0x08004748                TIM8_CC_IRQHandler
                0x08004748                SPDIF_Rx_IRQHandler
                0x08004748                DebugMon_Handler
                0x08004748                SPI4_IRQHandler
                0x08004748                TIM1_CC_IRQHandler
                0x08004748                QuadSPI_IRQHandler
                0x08004748                DMA2_Stream5_IRQHandler
                0x08004748                HardFault_Handler
                0x08004748                DMA1_Stream5_IRQHandler
                0x08004748                PVD_IRQHandler
                0x08004748                SDIO_IRQHandler
                0x08004748                TAMP_STAMP_IRQHandler
                0x08004748                NMI_Handler
                0x08004748                CAN2_RX1_IRQHandler
                0x08004748                EXTI3_IRQHandler
                0x08004748                TIM8_TRG_COM_TIM14_IRQHandler
                0x08004748                TIM1_UP_TIM10_IRQHandler
                0x08004748                FMPI2C1_error_IRQHandler
                0x08004748                TIM8_UP_TIM13_IRQHandler
                0x08004748                I2C3_ER_IRQHandler
                0x08004748                EXTI0_IRQHandler
                0x08004748                I2C2_EV_IRQHandler
                0x08004748                DMA1_Stream2_IRQHandler
                0x08004748                CAN1_RX0_IRQHandler
                0x08004748                FPU_IRQHandler
                0x08004748                OTG_HS_WKUP_IRQHandler
                0x08004748                UsageFault_Handler
                0x08004748                CAN2_SCE_IRQHandler
                0x08004748                DMA2_Stream2_IRQHandler
                0x08004748                SPI1_IRQHandler
                0x08004748                TIM6_DAC_IRQHandler
                0x08004748                TIM1_BRK_TIM9_IRQHandler
                0x08004748                DCMI_IRQHandler
                0x08004748                CAN2_RX0_IRQHandler
                0x08004748                DMA2_Stream3_IRQHandler
                0x08004748                FMPI2C1_IRQHandler
                0x08004748                SAI2_IRQHandler
                0x08004748                USART6_IRQHandler
                0x08004748                USART3_IRQHandler
                0x08004748                CAN1_RX1_IRQHandler
                0x08004748                UART5_IRQHandler
                0x08004748                DMA2_Stream0_IRQHandler
                0x08004748                TIM4_IRQHandler
                0x08004748                I2C1_EV_IRQHandler
                0x08004748                HDMI_CEC_IRQHandler
                0x08004748                DMA1_Stream6_IRQHandler
                0x08004748                DMA1_Stream1_IRQHandler
                0x08004748                UART4_IRQHandler
                0x08004748                TIM3_IRQHandler
                0x08004748                RCC_IRQHandler
                0x08004748                TIM8_BRK_TIM12_IRQHandler
                0x08004748                Default_Handler
                0x08004748                EXTI15_10_IRQHandler
                0x08004748                ADC_IRQHandler
                0x08004748                DMA1_Stream7_IRQHandler
                0x08004748                TIM7_IRQHandler
                0x08004748                CAN2_TX_IRQHandler
                0x08004748                TIM5_IRQHandler
                0x08004748                DMA2_Stream7_IRQHandler
                0x08004748                I2C3_EV_IRQHandler
                0x08004748                EXTI9_5_IRQHandler
                0x08004748                RTC_WKUP_IRQHandler
                0x08004748                SPI2_IRQHandler
                0x08004748                OTG_HS_EP1_IN_IRQHandler
                0x08004748                MemManage_Handler
                0x08004748                DMA1_Stream0_IRQHandler
                0x08004748                CAN1_TX_IRQHandler
                0x08004748                EXTI4_IRQHandler
                0x08004748                OTG_HS_EP1_OUT_IRQHandler
                0x08004748                WWDG_IRQHandler
                0x08004748                TIM2_IRQHandler
                0x08004748                OTG_FS_WKUP_IRQHandler
                0x08004748                TIM1_TRG_COM_TIM11_IRQHandler
                0x08004748                OTG_HS_IRQHandler
                0x08004748                EXTI1_IRQHandler
                0x08004748                USART2_IRQHandler
                0x08004748                I2C2_ER_IRQHandler
                0x08004748                DMA2_Stream1_IRQHandler
                0x08004748                CAN1_SCE_IRQHandler
                0x08004748                FLASH_IRQHandler
                0x08004748                DMA2_Stream4_IRQHandler
                0x08004748                BusFault_Handler
                0x08004748                USART1_IRQHandler
                0x08004748                OTG_FS_IRQHandler
                0x08004748                SPI3_IRQHandler
                0x08004748                DMA1_Stream4_IRQHandler
                0x08004748                I2C1_ER_IRQHandler
                0x08004748                FMC_IRQHandler
                0x08004748                DMA2_Stream6_IRQHandler
                0x08004748                SAI1_IRQHandler
                0x08004748                DMA1_Stream3_IRQHandler
 *fill*         0x0800474a        0x2 
 .text.memcmp   0x0800474c       0x64 c:/program files/ac6/systemworkbench/plugins/fr.ac6.mcu.externaltools.arm-none.win32_1.17.0.201812190825/tools/compiler/bin/../lib/gcc/arm-none-eabi/7.3.1/../../../../arm-none-eabi/lib/thumb/v7e-m/fpv4-sp/hard\libc.a(lib_a-memcmp.o)
                0x0800474c                memcmp
 *(.glue_7)
 .glue_7        0x080047b0        0x0 linker stubs
 *(.glue_7t)
 .glue_7t       0x080047b0        0x0 linker stubs
 *(.eh_frame)
 .eh_frame      0x080047b0        0x0 c:/program files/ac6/systemworkbench/plugins/fr.ac6.mcu.externaltools.arm-none.win32_1.17.0.201812190825/tools/compiler/bin/../lib/gcc/arm-none-eabi/7.3.1/thumb/v7e-m/fpv4-sp/hard/crtbegin.o
 *(.init)
 .init          0x080047b0        0x4 c:/program files/ac6/systemworkbench/plugins/fr.ac6.mcu.externaltools.arm-none.win32_1.17.0.201812190825/tools/compiler/bin/../lib/gcc/arm-none-eabi/7.3.1/thumb/v7e-m/fpv4-sp/hard/crti.o
                0x080047b0                _init
 .init          0x080047b4        0x8 c:/program files/ac6/systemworkbench/plugins/fr.ac6.mcu.externaltools.arm-none.win32_1.17.0.201812190825/tools/compiler/bin/../lib/gcc/arm-none-eabi/7.3.1/thumb/v7e-m/fpv4-sp/hard/crtn.o
 *(.fini)
 .fini          0x080047bc        0x4 c:/program files/ac6/systemworkbench/plugins/fr.ac6.mcu.externaltools.arm-none.win32_1.17.0.201812190825/tools/compiler/bin/../lib/gcc/arm-none-eabi/7.3.1/thumb/v7e-m/fpv4-sp/hard/crti.o
                0x080047bc                _fini
 .fini          0x080047c0        0x8 c:/program files/ac6/systemworkbench/plugins/fr.ac6.mcu.externaltools.arm-none.win32_1.17.0.201812190825/tools/compiler/bin/../lib/gcc/arm-none-eabi/7.3.1/thumb/v7e-m/fpv4-sp/hard/crtn.o
                0x080047c8                . = ALIGN (0x4)
                0x080047c8                _etext = .

.vfp11_veneer   0x080047c8        0x0
 .vfp11_veneer  0x080047c8        0x0 linker stubs

.v4_bx          0x080047c8        0x0
 .v4_bx         0x080047c8        0x0 linker stubs

.iplt           0x080047c8        0x0
 .iplt          0x080047c8        0x0 c:/program files/ac6/systemworkbench/plugins/fr.ac6.mcu.externaltools.arm-none.win32_1.17.0.201812190825/tools/compiler/bin/../lib/gcc/arm-none-eabi/7.3.1/thumb/v7e-m/fpv4-sp/hard/crtbegin.o

.rodata         0x080047c8      0x144
                0x080047c8                . = ALIGN (0x4)
 *(.rodata)
 .rodata        0x080047c8        0x5 Third_Party/FreeRTOS/org/Source/tasks.o
 *fill*         0x080047cd        0x3 
 .rodata        0x080047d0       0x45 Third_Party/SEGGER/Config/SEGGER_SYSVIEW_Config_FreeRTOS.o
 *fill*         0x08004815        0x3 
 .rodata        0x08004818       0x60 Third_Party/SEGGER/OS/SEGGER_SYSVIEW_FreeRTOS.o
                0x08004870                SYSVIEW_X_OS_TraceAPI
 .rodata        0x08004878       0x17 Third_Party/SEGGER/SEGGER/SEGGER_RTT.o
 *fill*         0x0800488f        0x1 
 .rodata        0x08004890       0x24 Third_Party/SEGGER/SEGGER/SEGGER_SYSVIEW.o
 .rodata        0x080048b4       0x54 src/main.o
 *(.rodata*)
 .rodata._global_impure_ptr
                0x08004908        0x4 c:/program files/ac6/systemworkbench/plugins/fr.ac6.mcu.externaltools.arm-none.win32_1.17.0.201812190825/tools/compiler/bin/../lib/gcc/arm-none-eabi/7.3.1/../../../../arm-none-eabi/lib/thumb/v7e-m/fpv4-sp/hard\libc.a(lib_a-impure.o)
                0x08004908                _global_impure_ptr
                0x0800490c                . = ALIGN (0x4)

.rel.dyn        0x0800490c        0x0
 .rel.iplt      0x0800490c        0x0 c:/program files/ac6/systemworkbench/plugins/fr.ac6.mcu.externaltools.arm-none.win32_1.17.0.201812190825/tools/compiler/bin/../lib/gcc/arm-none-eabi/7.3.1/thumb/v7e-m/fpv4-sp/hard/crtbegin.o

.ARM.extab      0x0800490c        0x0
                0x0800490c                . = ALIGN (0x4)
 *(.ARM.extab* .gnu.linkonce.armextab.*)
                0x0800490c                . = ALIGN (0x4)

.ARM            0x0800490c        0x0
                0x0800490c                . = ALIGN (0x4)
                0x0800490c                __exidx_start = .
 *(.ARM.exidx*)
                0x0800490c                __exidx_end = .
                0x0800490c                . = ALIGN (0x4)

.preinit_array  0x0800490c        0x0
                0x0800490c                . = ALIGN (0x4)
                0x0800490c                PROVIDE (__preinit_array_start = .)
 *(.preinit_array*)
                0x0800490c                PROVIDE (__preinit_array_end = .)
                0x0800490c                . = ALIGN (0x4)

.init_array     0x0800490c        0x8
                0x0800490c                . = ALIGN (0x4)
                0x0800490c                PROVIDE (__init_array_start = .)
 *(SORT_BY_NAME(.init_array.*))
 .init_array.00000
                0x0800490c        0x4 c:/program files/ac6/systemworkbench/plugins/fr.ac6.mcu.externaltools.arm-none.win32_1.17.0.201812190825/tools/compiler/bin/../lib/gcc/arm-none-eabi/7.3.1/../../../../arm-none-eabi/lib/thumb/v7e-m/fpv4-sp/hard\libc.a(lib_a-__call_atexit.o)
 *(.init_array*)
 .init_array    0x08004910        0x4 c:/program files/ac6/systemworkbench/plugins/fr.ac6.mcu.externaltools.arm-none.win32_1.17.0.201812190825/tools/compiler/bin/../lib/gcc/arm-none-eabi/7.3.1/thumb/v7e-m/fpv4-sp/hard/crtbegin.o
                0x08004914                PROVIDE (__init_array_end = .)
                0x08004914                . = ALIGN (0x4)

.fini_array     0x08004914        0x4
                0x08004914                . = ALIGN (0x4)
                0x08004914                PROVIDE (__fini_array_start = .)
 *(SORT_BY_NAME(.fini_array.*))
 *(.fini_array*)
 .fini_array    0x08004914        0x4 c:/program files/ac6/systemworkbench/plugins/fr.ac6.mcu.externaltools.arm-none.win32_1.17.0.201812190825/tools/compiler/bin/../lib/gcc/arm-none-eabi/7.3.1/thumb/v7e-m/fpv4-sp/hard/crtbegin.o
                0x08004918                PROVIDE (__fini_array_end = .)
                0x08004918                . = ALIGN (0x4)
                0x08004918                _sidata = LOADADDR (.data)

.data           0x20000000      0x454 load address 0x08004918
                0x20000000                . = ALIGN (0x4)
                0x20000000                _sdata = .
 *(.data)
 .data          0x20000000        0x4 Third_Party/FreeRTOS/org/Source/portable/GCC/ARM_CM4F/port.o
 .data          0x20000004       0x14 drivers/src/stm32f446xx_rcc.o
                0x20000004                AHB_PreScaler
                0x20000014                APB1_PreScaler
 .data          0x20000018        0xd src/main.o
                0x20000018                msg_USART
                0x20000024                ACCESS_KEY
 *(.data*)
 *fill*         0x20000025        0x3 
 .data.impure_data
                0x20000028      0x428 c:/program files/ac6/systemworkbench/plugins/fr.ac6.mcu.externaltools.arm-none.win32_1.17.0.201812190825/tools/compiler/bin/../lib/gcc/arm-none-eabi/7.3.1/../../../../arm-none-eabi/lib/thumb/v7e-m/fpv4-sp/hard\libc.a(lib_a-impure.o)
 .data.__atexit_recursive_mutex
                0x20000450        0x4 c:/program files/ac6/systemworkbench/plugins/fr.ac6.mcu.externaltools.arm-none.win32_1.17.0.201812190825/tools/compiler/bin/../lib/gcc/arm-none-eabi/7.3.1/../../../../arm-none-eabi/lib/thumb/v7e-m/fpv4-sp/hard\libc.a(lib_a-__call_atexit.o)
                0x20000450                __atexit_recursive_mutex
                0x20000454                . = ALIGN (0x4)
                0x20000454                _edata = .

.igot.plt       0x20000454        0x0 load address 0x08004d6c
 .igot.plt      0x20000454        0x0 c:/program files/ac6/systemworkbench/plugins/fr.ac6.mcu.externaltools.arm-none.win32_1.17.0.201812190825/tools/compiler/bin/../lib/gcc/arm-none-eabi/7.3.1/thumb/v7e-m/fpv4-sp/hard/crtbegin.o
                0x20000454                . = ALIGN (0x4)

.bss            0x20000454    0x15898 load address 0x08004d6c
                0x20000454                _sbss = .
                0x20000454                __bss_start__ = _sbss
 *(.bss)
 .bss           0x20000454       0x1c c:/program files/ac6/systemworkbench/plugins/fr.ac6.mcu.externaltools.arm-none.win32_1.17.0.201812190825/tools/compiler/bin/../lib/gcc/arm-none-eabi/7.3.1/thumb/v7e-m/fpv4-sp/hard/crtbegin.o
 .bss           0x20000470      0x104 Third_Party/FreeRTOS/org/Source/tasks.o
                0x20000470                pxCurrentTCB
 .bss           0x20000574        0x8 Third_Party/FreeRTOS/org/Source/portable/GCC/ARM_CM4F/port.o
 .bss           0x2000057c    0x12c18 Third_Party/FreeRTOS/org/Source/portable/MemMang/heap_4.o
 .bss           0x20013194       0xa4 Third_Party/SEGGER/OS/SEGGER_SYSVIEW_FreeRTOS.o
 .bss           0x20013238      0x411 Third_Party/SEGGER/SEGGER/SEGGER_RTT.o
 *fill*         0x20013649        0x3 
 .bss           0x2001364c     0x211b Third_Party/SEGGER/SEGGER/SEGGER_SYSVIEW.o
 *fill*         0x20015767        0x1 
 .bss           0x20015768       0x1c src/main.o
                0x20015768                cnt_USART
                0x2001576c                len
                0x20015770                xTaskHanndle1
                0x20015774                xTaskHanndle2
                0x20015778                xTaskHanndle3
                0x2001577c                xTaskHanndle4
                0x20015780                xTaskHanndle5
 *(.bss*)
 *(COMMON)
 COMMON         0x20015784       0x21 c:/program files/ac6/systemworkbench/plugins/fr.ac6.mcu.externaltools.arm-none.win32_1.17.0.201812190825/tools/compiler/bin/../lib/gcc/arm-none-eabi/7.3.1/../../../../arm-none-eabi/lib/thumb/v7e-m/fpv4-sp/hard\libc.a(lib_a-lock.o)
                0x20015784                __lock___atexit_recursive_mutex
                0x20015788                __lock___arc4random_mutex
                0x2001578c                __lock___env_recursive_mutex
                0x20015790                __lock___sinit_recursive_mutex
                0x20015794                __lock___malloc_recursive_mutex
                0x20015798                __lock___at_quick_exit_mutex
                0x2001579c                __lock___dd_hash_mutex
                0x200157a0                __lock___tz_mutex
                0x200157a4                __lock___sfp_recursive_mutex
 *fill*         0x200157a5        0x3 
 COMMON         0x200157a8        0x4 Third_Party/FreeRTOS/org/Source/croutine.o
                0x200157a8                SystemCoreClock
 COMMON         0x200157ac       0xa8 Third_Party/SEGGER/SEGGER/SEGGER_RTT.o
                0x200157ac                _SEGGER_RTT
 COMMON         0x20015854      0x498 src/main.o
                0x20015854                I2C1Handle
                0x2001587c                rcv_i2c_buf
                0x2001589c                usart2_handle
                0x200158c0                ADC2_DATA
                0x200158c4                ADC1_DATA
                0x200158c8                usart1_handle
                0x200158ec                rx_buf_USART
                0x20015cec                . = ALIGN (0x4)
                0x20015cec                _ebss = .
                0x20015cec                __bss_end__ = _ebss

._user_heap_stack
                0x20015cec      0x404 load address 0x08004d6c
                0x20015cf0                . = ALIGN (0x8)
 *fill*         0x20015cec        0x4 
                0x20015cf0                PROVIDE (end = .)
                [!provide]                PROVIDE (_end = .)
                0x20015cf0                . = (. + _Min_Heap_Size)
                0x200160f0                . = (. + _Min_Stack_Size)
 *fill*         0x20015cf0      0x400 
                0x200160f0                . = ALIGN (0x8)

/DISCARD/
 libc.a(*)
 libm.a(*)
 libgcc.a(*)

.ARM.attributes
                0x00000000       0x30
 *(.ARM.attributes)
 .ARM.attributes
                0x00000000       0x22 c:/program files/ac6/systemworkbench/plugins/fr.ac6.mcu.externaltools.arm-none.win32_1.17.0.201812190825/tools/compiler/bin/../lib/gcc/arm-none-eabi/7.3.1/thumb/v7e-m/fpv4-sp/hard/crti.o
 .ARM.attributes
                0x00000022       0x34 c:/program files/ac6/systemworkbench/plugins/fr.ac6.mcu.externaltools.arm-none.win32_1.17.0.201812190825/tools/compiler/bin/../lib/gcc/arm-none-eabi/7.3.1/thumb/v7e-m/fpv4-sp/hard/crtbegin.o
 .ARM.attributes
                0x00000056       0x34 c:/program files/ac6/systemworkbench/plugins/fr.ac6.mcu.externaltools.arm-none.win32_1.17.0.201812190825/tools/compiler/bin/../lib/gcc/arm-none-eabi/7.3.1/../../../../arm-none-eabi/lib/thumb/v7e-m/fpv4-sp/hard\libc.a(lib_a-impure.o)
 .ARM.attributes
                0x0000008a       0x34 c:/program files/ac6/systemworkbench/plugins/fr.ac6.mcu.externaltools.arm-none.win32_1.17.0.201812190825/tools/compiler/bin/../lib/gcc/arm-none-eabi/7.3.1/../../../../arm-none-eabi/lib/thumb/v7e-m/fpv4-sp/hard\libc.a(lib_a-init.o)
 .ARM.attributes
                0x000000be       0x34 c:/program files/ac6/systemworkbench/plugins/fr.ac6.mcu.externaltools.arm-none.win32_1.17.0.201812190825/tools/compiler/bin/../lib/gcc/arm-none-eabi/7.3.1/../../../../arm-none-eabi/lib/thumb/v7e-m/fpv4-sp/hard\libc.a(lib_a-memset.o)
 .ARM.attributes
                0x000000f2       0x34 c:/program files/ac6/systemworkbench/plugins/fr.ac6.mcu.externaltools.arm-none.win32_1.17.0.201812190825/tools/compiler/bin/../lib/gcc/arm-none-eabi/7.3.1/../../../../arm-none-eabi/lib/thumb/v7e-m/fpv4-sp/hard\libc.a(lib_a-__call_atexit.o)
 .ARM.attributes
                0x00000126       0x34 c:/program files/ac6/systemworkbench/plugins/fr.ac6.mcu.externaltools.arm-none.win32_1.17.0.201812190825/tools/compiler/bin/../lib/gcc/arm-none-eabi/7.3.1/../../../../arm-none-eabi/lib/thumb/v7e-m/fpv4-sp/hard\libc.a(lib_a-atexit.o)
 .ARM.attributes
                0x0000015a       0x34 c:/program files/ac6/systemworkbench/plugins/fr.ac6.mcu.externaltools.arm-none.win32_1.17.0.201812190825/tools/compiler/bin/../lib/gcc/arm-none-eabi/7.3.1/../../../../arm-none-eabi/lib/thumb/v7e-m/fpv4-sp/hard\libc.a(lib_a-fini.o)
 .ARM.attributes
                0x0000018e       0x34 c:/program files/ac6/systemworkbench/plugins/fr.ac6.mcu.externaltools.arm-none.win32_1.17.0.201812190825/tools/compiler/bin/../lib/gcc/arm-none-eabi/7.3.1/../../../../arm-none-eabi/lib/thumb/v7e-m/fpv4-sp/hard\libc.a(lib_a-lock.o)
 .ARM.attributes
                0x000001c2       0x34 c:/program files/ac6/systemworkbench/plugins/fr.ac6.mcu.externaltools.arm-none.win32_1.17.0.201812190825/tools/compiler/bin/../lib/gcc/arm-none-eabi/7.3.1/../../../../arm-none-eabi/lib/thumb/v7e-m/fpv4-sp/hard\libc.a(lib_a-__atexit.o)
 .ARM.attributes
                0x000001f6       0x39 Third_Party/FreeRTOS/org/Source/croutine.o
 .ARM.attributes
                0x0000022f       0x39 Third_Party/FreeRTOS/org/Source/list.o
 .ARM.attributes
                0x00000268       0x39 Third_Party/FreeRTOS/org/Source/tasks.o
 .ARM.attributes
                0x000002a1       0x39 Third_Party/FreeRTOS/org/Source/portable/GCC/ARM_CM4F/port.o
 .ARM.attributes
                0x000002da       0x39 Third_Party/FreeRTOS/org/Source/portable/MemMang/heap_4.o
 .ARM.attributes
                0x00000313       0x39 Third_Party/SEGGER/Config/SEGGER_SYSVIEW_Config_FreeRTOS.o
 .ARM.attributes
                0x0000034c       0x39 Third_Party/SEGGER/OS/SEGGER_SYSVIEW_FreeRTOS.o
 .ARM.attributes
                0x00000385       0x39 Third_Party/SEGGER/SEGGER/SEGGER_RTT.o
 .ARM.attributes
                0x000003be       0x39 Third_Party/SEGGER/SEGGER/SEGGER_SYSVIEW.o
 .ARM.attributes
                0x000003f7       0x39 drivers/src/stm32f446xx_I2C.o
 .ARM.attributes
                0x00000430       0x39 drivers/src/stm32f446xx_adc.o
 .ARM.attributes
                0x00000469       0x39 drivers/src/stm32f446xx_gpio_driver.o
 .ARM.attributes
                0x000004a2       0x39 drivers/src/stm32f446xx_rcc.o
 .ARM.attributes
                0x000004db       0x39 drivers/src/stm32f446xx_usart.o
 .ARM.attributes
                0x00000514       0x39 src/main.o
 .ARM.attributes
                0x0000054d       0x21 startup/startup_stm32.o
 .ARM.attributes
                0x0000056e       0x34 c:/program files/ac6/systemworkbench/plugins/fr.ac6.mcu.externaltools.arm-none.win32_1.17.0.201812190825/tools/compiler/bin/../lib/gcc/arm-none-eabi/7.3.1/../../../../arm-none-eabi/lib/thumb/v7e-m/fpv4-sp/hard\libc.a(lib_a-memcmp.o)
 .ARM.attributes
                0x000005a2       0x20 c:/program files/ac6/systemworkbench/plugins/fr.ac6.mcu.externaltools.arm-none.win32_1.17.0.201812190825/tools/compiler/bin/../lib/gcc/arm-none-eabi/7.3.1/../../../../arm-none-eabi/lib/thumb/v7e-m/fpv4-sp/hard\libc.a(lib_a-memcpy.o)
 .ARM.attributes
                0x000005c2       0x20 c:/program files/ac6/systemworkbench/plugins/fr.ac6.mcu.externaltools.arm-none.win32_1.17.0.201812190825/tools/compiler/bin/../lib/gcc/arm-none-eabi/7.3.1/../../../../arm-none-eabi/lib/thumb/v7e-m/fpv4-sp/hard\libc.a(lib_a-strlen.o)
 .ARM.attributes
                0x000005e2       0x22 c:/program files/ac6/systemworkbench/plugins/fr.ac6.mcu.externaltools.arm-none.win32_1.17.0.201812190825/tools/compiler/bin/../lib/gcc/arm-none-eabi/7.3.1/thumb/v7e-m/fpv4-sp/hard/crtn.o
OUTPUT(stm32f446xx_drivers.elf elf32-littlearm)

.debug_frame    0x00000000     0x2a5c
 .debug_frame   0x00000000       0x2c c:/program files/ac6/systemworkbench/plugins/fr.ac6.mcu.externaltools.arm-none.win32_1.17.0.201812190825/tools/compiler/bin/../lib/gcc/arm-none-eabi/7.3.1/../../../../arm-none-eabi/lib/thumb/v7e-m/fpv4-sp/hard\libc.a(lib_a-init.o)
 .debug_frame   0x0000002c       0x38 c:/program files/ac6/systemworkbench/plugins/fr.ac6.mcu.externaltools.arm-none.win32_1.17.0.201812190825/tools/compiler/bin/../lib/gcc/arm-none-eabi/7.3.1/../../../../arm-none-eabi/lib/thumb/v7e-m/fpv4-sp/hard\libc.a(lib_a-memset.o)
 .debug_frame   0x00000064       0x5c c:/program files/ac6/systemworkbench/plugins/fr.ac6.mcu.externaltools.arm-none.win32_1.17.0.201812190825/tools/compiler/bin/../lib/gcc/arm-none-eabi/7.3.1/../../../../arm-none-eabi/lib/thumb/v7e-m/fpv4-sp/hard\libc.a(lib_a-__call_atexit.o)
 .debug_frame   0x000000c0       0x20 c:/program files/ac6/systemworkbench/plugins/fr.ac6.mcu.externaltools.arm-none.win32_1.17.0.201812190825/tools/compiler/bin/../lib/gcc/arm-none-eabi/7.3.1/../../../../arm-none-eabi/lib/thumb/v7e-m/fpv4-sp/hard\libc.a(lib_a-atexit.o)
 .debug_frame   0x000000e0       0x34 c:/program files/ac6/systemworkbench/plugins/fr.ac6.mcu.externaltools.arm-none.win32_1.17.0.201812190825/tools/compiler/bin/../lib/gcc/arm-none-eabi/7.3.1/../../../../arm-none-eabi/lib/thumb/v7e-m/fpv4-sp/hard\libc.a(lib_a-fini.o)
 .debug_frame   0x00000114       0xb0 c:/program files/ac6/systemworkbench/plugins/fr.ac6.mcu.externaltools.arm-none.win32_1.17.0.201812190825/tools/compiler/bin/../lib/gcc/arm-none-eabi/7.3.1/../../../../arm-none-eabi/lib/thumb/v7e-m/fpv4-sp/hard\libc.a(lib_a-lock.o)
 .debug_frame   0x000001c4       0x34 c:/program files/ac6/systemworkbench/plugins/fr.ac6.mcu.externaltools.arm-none.win32_1.17.0.201812190825/tools/compiler/bin/../lib/gcc/arm-none-eabi/7.3.1/../../../../arm-none-eabi/lib/thumb/v7e-m/fpv4-sp/hard\libc.a(lib_a-__atexit.o)
 .debug_frame   0x000001f8       0xd8 Third_Party/FreeRTOS/org/Source/list.o
 .debug_frame   0x000002d0      0x870 Third_Party/FreeRTOS/org/Source/tasks.o
 .debug_frame   0x00000b40      0x1a8 Third_Party/FreeRTOS/org/Source/portable/GCC/ARM_CM4F/port.o
 .debug_frame   0x00000ce8      0x108 Third_Party/FreeRTOS/org/Source/portable/MemMang/heap_4.o
 .debug_frame   0x00000df0       0x48 Third_Party/SEGGER/Config/SEGGER_SYSVIEW_Config_FreeRTOS.o
 .debug_frame   0x00000e38      0x100 Third_Party/SEGGER/OS/SEGGER_SYSVIEW_FreeRTOS.o
 .debug_frame   0x00000f38      0x478 Third_Party/SEGGER/SEGGER/SEGGER_RTT.o
 .debug_frame   0x000013b0      0xb5c Third_Party/SEGGER/SEGGER/SEGGER_SYSVIEW.o
 .debug_frame   0x00001f0c      0x444 drivers/src/stm32f446xx_I2C.o
 .debug_frame   0x00002350       0xb0 drivers/src/stm32f446xx_adc.o
 .debug_frame   0x00002400      0x238 drivers/src/stm32f446xx_gpio_driver.o
 .debug_frame   0x00002638       0x9c drivers/src/stm32f446xx_rcc.o
 .debug_frame   0x000026d4      0x230 drivers/src/stm32f446xx_usart.o
 .debug_frame   0x00002904      0x120 src/main.o
 .debug_frame   0x00002a24       0x38 c:/program files/ac6/systemworkbench/plugins/fr.ac6.mcu.externaltools.arm-none.win32_1.17.0.201812190825/tools/compiler/bin/../lib/gcc/arm-none-eabi/7.3.1/../../../../arm-none-eabi/lib/thumb/v7e-m/fpv4-sp/hard\libc.a(lib_a-memcmp.o)

.debug_info     0x00000000     0xd86d
 .debug_info    0x00000000       0x9d Third_Party/FreeRTOS/org/Source/croutine.o
 .debug_info    0x0000009d      0xae1 Third_Party/FreeRTOS/org/Source/list.o
 .debug_info    0x00000b7e     0x2739 Third_Party/FreeRTOS/org/Source/tasks.o
 .debug_info    0x000032b7      0x539 Third_Party/FreeRTOS/org/Source/portable/GCC/ARM_CM4F/port.o
 .debug_info    0x000037f0      0xc02 Third_Party/FreeRTOS/org/Source/portable/MemMang/heap_4.o
 .debug_info    0x000043f2      0x115 Third_Party/SEGGER/Config/SEGGER_SYSVIEW_Config_FreeRTOS.o
 .debug_info    0x00004507      0xb93 Third_Party/SEGGER/OS/SEGGER_SYSVIEW_FreeRTOS.o
 .debug_info    0x0000509a     0x16b9 Third_Party/SEGGER/SEGGER/SEGGER_RTT.o
 .debug_info    0x00006753     0x3aea Third_Party/SEGGER/SEGGER/SEGGER_SYSVIEW.o
 .debug_info    0x0000a23d      0xc28 drivers/src/stm32f446xx_I2C.o
 .debug_info    0x0000ae65      0x4c8 drivers/src/stm32f446xx_adc.o
 .debug_info    0x0000b32d      0x834 drivers/src/stm32f446xx_gpio_driver.o
 .debug_info    0x0000bb61      0x3e2 drivers/src/stm32f446xx_rcc.o
 .debug_info    0x0000bf43      0x812 drivers/src/stm32f446xx_usart.o
 .debug_info    0x0000c755     0x10f6 src/main.o
 .debug_info    0x0000d84b       0x22 startup/startup_stm32.o

.debug_abbrev   0x00000000     0x1df3
 .debug_abbrev  0x00000000       0x47 Third_Party/FreeRTOS/org/Source/croutine.o
 .debug_abbrev  0x00000047      0x216 Third_Party/FreeRTOS/org/Source/list.o
 .debug_abbrev  0x0000025d      0x3a6 Third_Party/FreeRTOS/org/Source/tasks.o
 .debug_abbrev  0x00000603      0x210 Third_Party/FreeRTOS/org/Source/portable/GCC/ARM_CM4F/port.o
 .debug_abbrev  0x00000813      0x2e5 Third_Party/FreeRTOS/org/Source/portable/MemMang/heap_4.o
 .debug_abbrev  0x00000af8       0xc6 Third_Party/SEGGER/Config/SEGGER_SYSVIEW_Config_FreeRTOS.o
 .debug_abbrev  0x00000bbe      0x223 Third_Party/SEGGER/OS/SEGGER_SYSVIEW_FreeRTOS.o
 .debug_abbrev  0x00000de1      0x2d6 Third_Party/SEGGER/SEGGER/SEGGER_RTT.o
 .debug_abbrev  0x000010b7      0x336 Third_Party/SEGGER/SEGGER/SEGGER_SYSVIEW.o
 .debug_abbrev  0x000013ed      0x238 drivers/src/stm32f446xx_I2C.o
 .debug_abbrev  0x00001625       0xd7 drivers/src/stm32f446xx_adc.o
 .debug_abbrev  0x000016fc      0x182 drivers/src/stm32f446xx_gpio_driver.o
 .debug_abbrev  0x0000187e      0x122 drivers/src/stm32f446xx_rcc.o
 .debug_abbrev  0x000019a0      0x1be drivers/src/stm32f446xx_usart.o
 .debug_abbrev  0x00001b5e      0x283 src/main.o
 .debug_abbrev  0x00001de1       0x12 startup/startup_stm32.o

.debug_aranges  0x00000000      0x9f8
 .debug_aranges
                0x00000000       0x18 Third_Party/FreeRTOS/org/Source/croutine.o
 .debug_aranges
                0x00000018       0x40 Third_Party/FreeRTOS/org/Source/list.o
 .debug_aranges
                0x00000058      0x1e8 Third_Party/FreeRTOS/org/Source/tasks.o
 .debug_aranges
                0x00000240       0x80 Third_Party/FreeRTOS/org/Source/portable/GCC/ARM_CM4F/port.o
 .debug_aranges
                0x000002c0       0x50 Third_Party/FreeRTOS/org/Source/portable/MemMang/heap_4.o
 .debug_aranges
                0x00000310       0x28 Third_Party/SEGGER/Config/SEGGER_SYSVIEW_Config_FreeRTOS.o
 .debug_aranges
                0x00000338       0x48 Third_Party/SEGGER/OS/SEGGER_SYSVIEW_FreeRTOS.o
 .debug_aranges
                0x00000380      0x110 Third_Party/SEGGER/SEGGER/SEGGER_RTT.o
 .debug_aranges
                0x00000490      0x268 Third_Party/SEGGER/SEGGER/SEGGER_SYSVIEW.o
 .debug_aranges
                0x000006f8       0xf8 drivers/src/stm32f446xx_I2C.o
 .debug_aranges
                0x000007f0       0x40 drivers/src/stm32f446xx_adc.o
 .debug_aranges
                0x00000830       0x88 drivers/src/stm32f446xx_gpio_driver.o
 .debug_aranges
                0x000008b8       0x38 drivers/src/stm32f446xx_rcc.o
 .debug_aranges
                0x000008f0       0x88 drivers/src/stm32f446xx_usart.o
 .debug_aranges
                0x00000978       0x58 src/main.o
 .debug_aranges
                0x000009d0       0x28 startup/startup_stm32.o

.debug_macro    0x00000000     0x40ed
 .debug_macro   0x00000000      0x123 Third_Party/FreeRTOS/org/Source/croutine.o
 .debug_macro   0x00000123      0xa66 Third_Party/FreeRTOS/org/Source/croutine.o
 .debug_macro   0x00000b89      0x174 Third_Party/FreeRTOS/org/Source/croutine.o
 .debug_macro   0x00000cfd       0x22 Third_Party/FreeRTOS/org/Source/croutine.o
 .debug_macro   0x00000d1f       0x8e Third_Party/FreeRTOS/org/Source/croutine.o
 .debug_macro   0x00000dad       0x51 Third_Party/FreeRTOS/org/Source/croutine.o
 .debug_macro   0x00000dfe       0xef Third_Party/FreeRTOS/org/Source/croutine.o
 .debug_macro   0x00000eed       0x6a Third_Party/FreeRTOS/org/Source/croutine.o
 .debug_macro   0x00000f57      0x1df Third_Party/FreeRTOS/org/Source/croutine.o
 .debug_macro   0x00001136      0x115 Third_Party/FreeRTOS/org/Source/croutine.o
 .debug_macro   0x0000124b       0x58 Third_Party/FreeRTOS/org/Source/croutine.o
 .debug_macro   0x000012a3       0x40 Third_Party/FreeRTOS/org/Source/croutine.o
 .debug_macro   0x000012e3       0x4c Third_Party/FreeRTOS/org/Source/croutine.o
 .debug_macro   0x0000132f      0x1cd Third_Party/FreeRTOS/org/Source/croutine.o
 .debug_macro   0x000014fc      0x45a Third_Party/FreeRTOS/org/Source/croutine.o
 .debug_macro   0x00001956      0x15a Third_Party/FreeRTOS/org/Source/croutine.o
 .debug_macro   0x00001ab0       0xdd Third_Party/FreeRTOS/org/Source/croutine.o
 .debug_macro   0x00001b8d       0x10 Third_Party/FreeRTOS/org/Source/croutine.o
 .debug_macro   0x00001b9d       0x1f Third_Party/FreeRTOS/org/Source/croutine.o
 .debug_macro   0x00001bbc      0x375 Third_Party/FreeRTOS/org/Source/croutine.o
 .debug_macro   0x00001f31       0xb5 Third_Party/FreeRTOS/org/Source/croutine.o
 .debug_macro   0x00001fe6       0x8c Third_Party/FreeRTOS/org/Source/croutine.o
 .debug_macro   0x00002072       0x43 Third_Party/FreeRTOS/org/Source/croutine.o
 .debug_macro   0x000020b5      0x1ba Third_Party/FreeRTOS/org/Source/list.o
 .debug_macro   0x0000226f      0x2ca Third_Party/FreeRTOS/org/Source/tasks.o
 .debug_macro   0x00002539       0x10 Third_Party/FreeRTOS/org/Source/tasks.o
 .debug_macro   0x00002549      0x1d6 Third_Party/FreeRTOS/org/Source/portable/GCC/ARM_CM4F/port.o
 .debug_macro   0x0000271f      0x1e1 Third_Party/FreeRTOS/org/Source/portable/MemMang/heap_4.o
 .debug_macro   0x00002900      0x116 Third_Party/SEGGER/Config/SEGGER_SYSVIEW_Config_FreeRTOS.o
 .debug_macro   0x00002a16      0x1d0 Third_Party/SEGGER/OS/SEGGER_SYSVIEW_FreeRTOS.o
 .debug_macro   0x00002be6      0x164 Third_Party/SEGGER/SEGGER/SEGGER_RTT.o
 .debug_macro   0x00002d4a       0x4f Third_Party/SEGGER/SEGGER/SEGGER_RTT.o
 .debug_macro   0x00002d99      0x115 Third_Party/SEGGER/SEGGER/SEGGER_RTT.o
 .debug_macro   0x00002eae      0x1f8 Third_Party/SEGGER/SEGGER/SEGGER_SYSVIEW.o
 .debug_macro   0x000030a6       0x65 Third_Party/SEGGER/SEGGER/SEGGER_SYSVIEW.o
 .debug_macro   0x0000310b       0x35 Third_Party/SEGGER/SEGGER/SEGGER_SYSVIEW.o
 .debug_macro   0x00003140      0x11b Third_Party/SEGGER/SEGGER/SEGGER_SYSVIEW.o
 .debug_macro   0x0000325b       0xea drivers/src/stm32f446xx_I2C.o
 .debug_macro   0x00003345       0xd0 drivers/src/stm32f446xx_I2C.o
 .debug_macro   0x00003415      0x10c drivers/src/stm32f446xx_adc.o
 .debug_macro   0x00003521       0xea drivers/src/stm32f446xx_gpio_driver.o
 .debug_macro   0x0000360b       0xbe drivers/src/stm32f446xx_gpio_driver.o
 .debug_macro   0x000036c9       0xe4 drivers/src/stm32f446xx_rcc.o
 .debug_macro   0x000037ad       0xea drivers/src/stm32f446xx_usart.o
 .debug_macro   0x00003897      0x100 drivers/src/stm32f446xx_usart.o
 .debug_macro   0x00003997      0x321 src/main.o
 .debug_macro   0x00003cb8       0x16 src/main.o
 .debug_macro   0x00003cce       0x10 src/main.o
 .debug_macro   0x00003cde       0x10 src/main.o
 .debug_macro   0x00003cee       0x1c src/main.o
 .debug_macro   0x00003d0a       0x52 src/main.o
 .debug_macro   0x00003d5c       0x40 src/main.o
 .debug_macro   0x00003d9c       0x10 src/main.o
 .debug_macro   0x00003dac       0x40 src/main.o
 .debug_macro   0x00003dec       0xd7 src/main.o
 .debug_macro   0x00003ec3       0x1c src/main.o
 .debug_macro   0x00003edf       0x3d src/main.o
 .debug_macro   0x00003f1c       0x16 src/main.o
 .debug_macro   0x00003f32      0x16f src/main.o
 .debug_macro   0x000040a1       0x4c src/main.o

.debug_line     0x00000000     0x85b8
 .debug_line    0x00000000      0x612 Third_Party/FreeRTOS/org/Source/croutine.o
 .debug_line    0x00000612      0x705 Third_Party/FreeRTOS/org/Source/list.o
 .debug_line    0x00000d17     0x13ae Third_Party/FreeRTOS/org/Source/tasks.o
 .debug_line    0x000020c5      0x83b Third_Party/FreeRTOS/org/Source/portable/GCC/ARM_CM4F/port.o
 .debug_line    0x00002900      0x7eb Third_Party/FreeRTOS/org/Source/portable/MemMang/heap_4.o
 .debug_line    0x000030eb      0x626 Third_Party/SEGGER/Config/SEGGER_SYSVIEW_Config_FreeRTOS.o
 .debug_line    0x00003711      0x797 Third_Party/SEGGER/OS/SEGGER_SYSVIEW_FreeRTOS.o
 .debug_line    0x00003ea8      0x803 Third_Party/SEGGER/SEGGER/SEGGER_RTT.o
 .debug_line    0x000046ab     0x16d6 Third_Party/SEGGER/SEGGER/SEGGER_SYSVIEW.o
 .debug_line    0x00005d81      0x833 drivers/src/stm32f446xx_I2C.o
 .debug_line    0x000065b4      0x498 drivers/src/stm32f446xx_adc.o
 .debug_line    0x00006a4c      0x69d drivers/src/stm32f446xx_gpio_driver.o
 .debug_line    0x000070e9      0x48e drivers/src/stm32f446xx_rcc.o
 .debug_line    0x00007577      0x6b3 drivers/src/stm32f446xx_usart.o
 .debug_line    0x00007c2a      0x912 src/main.o
 .debug_line    0x0000853c       0x7c startup/startup_stm32.o

.debug_str      0x00000000    0x192e0
 .debug_str     0x00000000     0xb43c Third_Party/FreeRTOS/org/Source/croutine.o
                               0xb654 (size before relaxing)
 .debug_str     0x0000b43c     0x2d47 Third_Party/FreeRTOS/org/Source/list.o
                               0xd855 (size before relaxing)
 .debug_str     0x0000e183     0x1e16 Third_Party/FreeRTOS/org/Source/tasks.o
                               0xfc46 (size before relaxing)
 .debug_str     0x0000ff99      0x7fb Third_Party/FreeRTOS/org/Source/portable/GCC/ARM_CM4F/port.o
                               0xb91f (size before relaxing)
 .debug_str     0x00010794      0x252 Third_Party/FreeRTOS/org/Source/portable/MemMang/heap_4.o
                               0xdf78 (size before relaxing)
 .debug_str     0x000109e6      0x169 Third_Party/SEGGER/Config/SEGGER_SYSVIEW_Config_FreeRTOS.o
                               0xa467 (size before relaxing)
 .debug_str     0x00010b4f       0xfb Third_Party/SEGGER/OS/SEGGER_SYSVIEW_FreeRTOS.o
                               0xdd78 (size before relaxing)
 .debug_str     0x00010c4a      0xdca Third_Party/SEGGER/SEGGER/SEGGER_RTT.o
                               0x6da5 (size before relaxing)
 .debug_str     0x00011a14     0x12fc Third_Party/SEGGER/SEGGER/SEGGER_SYSVIEW.o
                               0x8d4b (size before relaxing)
 .debug_str     0x00012d10     0x4a58 drivers/src/stm32f446xx_I2C.o
                               0x89a6 (size before relaxing)
 .debug_str     0x00017768      0x1b3 drivers/src/stm32f446xx_adc.o
                               0x86a8 (size before relaxing)
 .debug_str     0x0001791b      0x1db drivers/src/stm32f446xx_gpio_driver.o
                               0x87df (size before relaxing)
 .debug_str     0x00017af6       0xc5 drivers/src/stm32f446xx_rcc.o
                               0x85b1 (size before relaxing)
 .debug_str     0x00017bbb      0x251 drivers/src/stm32f446xx_usart.o
                               0x87b7 (size before relaxing)
 .debug_str     0x00017e0c     0x14ab src/main.o
                              0x137bf (size before relaxing)
 .debug_str     0x000192b7       0x29 startup/startup_stm32.o
                                 0x69 (size before relaxing)

.comment        0x00000000       0x7f
 .comment       0x00000000       0x7f Third_Party/FreeRTOS/org/Source/croutine.o
                                 0x80 (size before relaxing)
 .comment       0x0000007f       0x80 Third_Party/FreeRTOS/org/Source/list.o
 .comment       0x0000007f       0x80 Third_Party/FreeRTOS/org/Source/tasks.o
 .comment       0x0000007f       0x80 Third_Party/FreeRTOS/org/Source/portable/GCC/ARM_CM4F/port.o
 .comment       0x0000007f       0x80 Third_Party/FreeRTOS/org/Source/portable/MemMang/heap_4.o
 .comment       0x0000007f       0x80 Third_Party/SEGGER/Config/SEGGER_SYSVIEW_Config_FreeRTOS.o
 .comment       0x0000007f       0x80 Third_Party/SEGGER/OS/SEGGER_SYSVIEW_FreeRTOS.o
 .comment       0x0000007f       0x80 Third_Party/SEGGER/SEGGER/SEGGER_RTT.o
 .comment       0x0000007f       0x80 Third_Party/SEGGER/SEGGER/SEGGER_SYSVIEW.o
 .comment       0x0000007f       0x80 drivers/src/stm32f446xx_I2C.o
 .comment       0x0000007f       0x80 drivers/src/stm32f446xx_adc.o
 .comment       0x0000007f       0x80 drivers/src/stm32f446xx_gpio_driver.o
 .comment       0x0000007f       0x80 drivers/src/stm32f446xx_rcc.o
 .comment       0x0000007f       0x80 drivers/src/stm32f446xx_usart.o
 .comment       0x0000007f       0x80 src/main.o

.debug_ranges   0x00000000      0x8f8
 .debug_ranges  0x00000000       0x30 Third_Party/FreeRTOS/org/Source/list.o
 .debug_ranges  0x00000030      0x1d8 Third_Party/FreeRTOS/org/Source/tasks.o
 .debug_ranges  0x00000208       0x70 Third_Party/FreeRTOS/org/Source/portable/GCC/ARM_CM4F/port.o
 .debug_ranges  0x00000278       0x40 Third_Party/FreeRTOS/org/Source/portable/MemMang/heap_4.o
 .debug_ranges  0x000002b8       0x18 Third_Party/SEGGER/Config/SEGGER_SYSVIEW_Config_FreeRTOS.o
 .debug_ranges  0x000002d0       0x38 Third_Party/SEGGER/OS/SEGGER_SYSVIEW_FreeRTOS.o
 .debug_ranges  0x00000308      0x100 Third_Party/SEGGER/SEGGER/SEGGER_RTT.o
 .debug_ranges  0x00000408      0x258 Third_Party/SEGGER/SEGGER/SEGGER_SYSVIEW.o
 .debug_ranges  0x00000660       0xe8 drivers/src/stm32f446xx_I2C.o
 .debug_ranges  0x00000748       0x30 drivers/src/stm32f446xx_adc.o
 .debug_ranges  0x00000778       0x78 drivers/src/stm32f446xx_gpio_driver.o
 .debug_ranges  0x000007f0       0x28 drivers/src/stm32f446xx_rcc.o
 .debug_ranges  0x00000818       0x78 drivers/src/stm32f446xx_usart.o
 .debug_ranges  0x00000890       0x48 src/main.o
 .debug_ranges  0x000008d8       0x20 startup/startup_stm32.o
